// Jest Snapshot v1, https://goo.gl/fbAQLP

exports[`Instructions renders correctly with defaults 1`] = `
Array [
  <Text
    style={
      Object {
        "fontSize": 20,
        "margin": 10,
        "textAlign": "center",
      }
    }
  >
    Welcome to React Native!
  </Text>,
  <Text
    style={
      Object {
        "color": "#333333",
        "marginBottom": 5,
        "textAlign": "center",
      }
    }
  >
    To get started, edit ./src/containers/App/index.tsx
  </Text>,
  <Text
    style={
      Object {
        "color": "#333333",
        "marginBottom": 5,
        "textAlign": "center",
      }
    }
  >
    123
  </Text>,
]
`;
